2025-02-27 08:24:00 | DEBUG | repo=course-sys-int-camel-seminar | action=pull
2025-07-03 13:01:00 | INFO | repo=course-sys-int-camel-seminar | action=commit
2025-01-15 14:32:00 | WARN | repo=course-sys-int-camel-seminar | action=commit
2025-12-04 11:48:00 | WARN | repo=course-sys-int-camel-seminar | action=commit
2025-08-20 20:09:00 | WARN | repo=course-sys-int-camel-seminar | action=commit
2025-06-15 12:09:00 | INFO | repo=course-sys-int-camel-seminar | action=edit | files=2
2025-09-06 10:36:00 | DEBUG | repo=course-sys-int-camel-seminar | action=commit
2025-10-23 21:16:00 | INFO | repo=course-sys-int-camel-seminar | action=commit
2025-03-22 07:35:00 | WARN | repo=course-sys-int-camel-seminar | action=test | passed=true
2025-06-06 08:51:00 | WARN | repo=course-sys-int-camel-seminar | action=commit
2025-12-08 10:31:00 | DEBUG | repo=course-sys-int-camel-seminar | action=commit
2025-08-19 10:41:00 | INFO | repo=course-sys-int-camel-seminar | action=test | passed=true
2025-01-12 07:47:00 | WARN | repo=course-sys-int-camel-seminar | action=pull
2025-06-11 21:34:00 | DEBUG | repo=course-sys-int-camel-seminar | action=test | passed=true
2025-05-23 08:35:00 | DEBUG | repo=course-sys-int-camel-seminar | action=commit
2025-11-03 20:44:00 | DEBUG | repo=course-sys-int-camel-seminar | action=commit
2025-06-01 07:35:00 | INFO | repo=course-sys-int-camel-seminar | action=commit
2025-04-20 10:08:00 | DEBUG | repo=course-sys-int-camel-seminar | action=commit
2025-08-17 10:16:00 | INFO | repo=course-sys-int-camel-seminar | action=commit
2025-09-12 10:37:00 | WARN | repo=course-sys-int-camel-seminar | action=commit
2025-03-27 16:59:00 | INFO | repo=course-sys-int-camel-seminar | action=edit | files=4
2025-05-27 08:59:00 | DEBUG | repo=course-sys-int-camel-seminar | action=pull
2025-09-19 08:09:00 | INFO | repo=course-sys-int-camel-seminar | action=commit
2025-08-25 07:15:00 | WARN | repo=course-sys-int-camel-seminar | action=commit
2025-08-03 07:03:00 | INFO | repo=course-sys-int-camel-seminar | action=pull
2025-01-20 19:38:00 | WARN | repo=course-sys-int-camel-seminar | action=commit
2025-12-28 08:33:00 | DEBUG | repo=course-sys-int-camel-seminar | action=test | passed=true
2025-09-25 19:52:00 | WARN | repo=course-sys-int-camel-seminar | action=test | passed=true
2025-08-21 21:26:00 | WARN | repo=course-sys-int-camel-seminar | action=commit
2025-05-20 20:45:00 | DEBUG | repo=course-sys-int-camel-seminar | action=commit
2025-04-06 09:03:00 | WARN | repo=course-sys-int-camel-seminar | action=test | passed=true
2025-09-19 19:43:00 | WARN | repo=course-sys-int-camel-seminar | action=commit
2025-11-18 12:04:00 | DEBUG | repo=course-sys-int-camel-seminar | action=commit
2025-01-15 18:53:00 | INFO | repo=course-sys-int-camel-seminar | action=pull
2025-06-21 09:45:00 | DEBUG | repo=course-sys-int-camel-seminar | action=commit
2025-05-01 08:47:00 | WARN | repo=course-sys-int-camel-seminar | action=commit
2025-08-03 21:04:00 | WARN | repo=course-sys-int-camel-seminar | action=commit
2025-04-24 14:40:00 | WARN | repo=course-sys-int-camel-seminar | action=commit
2025-05-08 11:22:00 | DEBUG | repo=course-sys-int-camel-seminar | action=commit
2025-06-26 09:41:00 | WARN | repo=course-sys-int-camel-seminar | action=commit
2025-03-16 18:12:00 | WARN | repo=course-sys-int-camel-seminar | action=pull
2025-04-12 12:26:00 | DEBUG | repo=course-sys-int-camel-seminar | action=commit
2025-05-04 18:39:00 | DEBUG | repo=course-sys-int-camel-seminar | action=commit
2025-10-28 08:21:00 | WARN | repo=course-sys-int-camel-seminar | action=commit
2025-09-22 19:30:00 | INFO | repo=course-sys-int-camel-seminar | action=commit
2025-10-28 19:34:00 | DEBUG | repo=course-sys-int-camel-seminar | action=commit
2025-06-04 21:12:00 | WARN | repo=course-sys-int-camel-seminar | action=commit
2025-01-26 10:58:00 | DEBUG | repo=course-sys-int-camel-seminar | action=commit
2025-06-01 09:26:00 | WARN | repo=course-sys-int-camel-seminar | action=commit
2025-09-12 16:34:00 | INFO | repo=course-sys-int-camel-seminar | action=commit
2025-06-19 18:57:00 | WARN | repo=course-sys-int-camel-seminar | action=commit
2025-08-08 08:26:00 | DEBUG | repo=course-sys-int-camel-seminar | action=pull
2025-02-18 08:44:00 | INFO | repo=course-sys-int-camel-seminar | action=commit
